; ThIs fIle was created by George Moroz usIng TECkItMappIngEdItorU.exe v3.1.0.0 on 11.06.2013.
;   ConversIon Type = Legacy_to_from_UnIcode
;   Left-hand sIde font = ArIal;12
;   RIght-hand sIde font = CharIs SIL Compact;12
;   MaIn WIndow PosItIon = 665,12,675,754
;   Left-hand sIde Character Map WIndow PosItIon = 658,0,457,446
;   RIght-hand sIde Character Map WIndow PosItIon = 712,186,580,38
; Эта карта сделана для бжедугского диалекта кабардинского языка. Преруптивные согласные обозначеныы обычными знаками, а придыхательные - двоетточием.

EncodIngName            "andI"
DescrIptIveName         "andI_IPA"
VersIon                 "2"
Contact                 "agrIcolamz@gmaIl.com"

pass(UnIcode)


'’' <> '’'
'А' <> 'a'
'а̃' <> 'ã'
'А̃' <> 'ã'
'А2' <> 'ã'
'б' <> 'b'
'Б' <> 'b'
'в' <> 'w'
'В' <> 'w'
'г' <> 'ɡ'
'Г' <> 'ɡ'
'г1' <> 'ʢ'
'Г1' <> 'ʢ'
'гв' <> 'ɡʷ'
'Гв' <> 'ɡʷ'
'ГВ' <> 'ɡʷ'
'гъ' <> 'ʁ'
'Гъ' <> 'ʁ'
'Гъгъ' <> 'ɢ'
'гъгъ' <> 'ɢ'
'ГЪГЪ' <> 'ɢ'
'ГЪ' <> 'ʁ'
'гъв' <> 'ʁʷ'
'Гъв' <> 'ʁʷ'
'ГЪВ' <> 'ʁʷ'
'гь' <> 'h'
'Гь' <> 'h'
'ГЬ' <> 'h'
'гьв' <> 'hʷ'
'Гьв' <> 'hʷ'
'ГЬВ' <> 'hʷ'
'гӀ' <> 'ʢ'
'ГӀ' <> 'ʢ'
'гӏ' <> 'ʢ'
'Гӏ' <> 'ʢ'
'гI' <> 'ʢ'
'ГI' <> 'ʢ'
'д' <> 'd'
'Д' <> 'd'
'дв' <> 'dʷ'
'Дв' <> 'dʷ'
'ДВ' <> 'dʷ'
'дж' <> 'dʒ'
'Дж' <> 'dʒ'
'ДЖ' <> 'dʒ'
'джв' <> 'dʒʷ'
'Джв' <> 'dʒʷ'
'ДЖВ' <> 'dʒʷ'
'е' <> 'e'
'Е' <> 'e'
'е̃' <> 'ẽ'
'Е̃' <> 'ẽ'
'ё' <> 'jo'
'Ё' <> 'jo'
'ё̃' <> 'jõ'
'Ё̃' <> 'jõ'
'е2' <> 'ẽ'
'Е2' <> 'ẽ'
'ё2' <> 'jõ'
'Ё2' <> 'jõ'
'ж' <> 'ʒ'
'Ж' <> 'ʒ'
'жв' <> 'ʒʷ'
'Жв' <> 'ʒʷ'
'ЖВ' <> 'ʒʷ'
'з' <> 'z'
'З' <> 'z'
'зв' <> 'zʷ'
'Зв' <> 'zʷ'
'ЗВ' <> 'zʷ'
'и' <> 'i'
'И' <> 'i'
'и̃' <> 'ĩ'
'И̃' <> 'ĩ'
'и2' <> 'ĩ'
'И2' <> 'ĩ'
'й' <> 'j'
'Й' <> 'j'
'к' <> 'k'
'К' <> 'k'
'к1' <> 'k’'
'К1' <> 'k’'
'к1в' <> 'k’ʷ'
'К1в' <> 'k’ʷ'
'К1В' <> 'k’ʷ'
'к1к1' <> 'k’ː'
'К1к1' <> 'k’ː'
'К1К1' <> 'k’ː'
'к1к1в' <> 'k’ːʷ'
'К1к1в' <> 'k’ːʷ'
'К1К1В' <> 'k’ːʷ'
'кв' <> 'kʷ'
'Кв' <> 'kʷ'
'КВ' <> 'kʷ'
'кгъ' <> 'ɢ'
'Кгъ' <> 'ɢ'
'КГЪ' <> 'ɢ'
'кгъв' <> 'ɢʷ'
'Кгъв' <> 'ɢʷ'
'КГЪВ' <> 'ɢʷ'
'кк' <> 'kː'
'Кк' <> 'kː'
'КК' <> 'kː'
'ккв' <> 'kːʷ'
'Ккв' <> 'kːʷ'
'ККВ' <> 'kːʷ'
'къ' <> 'q’'
'Къ' <> 'q’'
'КЪ' <> 'q’'
'къв' <> 'q’ʷ'
'Къв' <> 'q’ʷ'
'КЪВ' <> 'q’ʷ'
'кь' <> 'tɬ’'
'Кь' <> 'tɬ’'
'КЬ' <> 'tɬ’'
'кьв' <> 'tɬ’ʷ'
'Кьв' <> 'tɬ’ʷ'
'КЬВ' <> 'tɬ’ʷ'
'кькь' <> 'tɬ’ː'
'Кькь' <> 'tɬ’ː'
'КЬКЬ' <> 'tɬ’ː'
'кькьв' <> 'tɬ’ːʷ'
'Кькьв' <> 'tɬ’ːʷ'
'КЬКЬВ' <> 'tɬ’ːʷ'
'кӀ' <> 'k’'
'КӀ' <> 'k’'
'кӏ' <> 'k’'
'Кӏ' <> 'k’'
'кӀв' <> 'k’ʷ'
'КӀв' <> 'k’ʷ'
'КӀВ' <> 'k’ʷ'
'кӏв' <> 'k’ʷ'
'Кӏв' <> 'k’ʷ'
'КӏВ' <> 'k’ʷ'
'кӀкӀ' <> 'k’ː'
'КӀкӀ' <> 'k’ː'
'КӀКӀ' <> 'k’ː'
'кӏкӏ' <> 'k’ː'
'Кӏкӏ' <> 'k’ː'
'КӏКӏ' <> 'k’ː'
'кӀкӀв' <> 'k’ːʷ'
'КӀкӀв' <> 'k’ːʷ'
'КӀКӀВ' <> 'k’ːʷ'
'кӏкӏв' <> 'k’ːʷ'
'Кӏкӏв' <> 'k’ːʷ'
'КӏКӏВ' <> 'k’ːʷ'
'кI' <> 'k’'
'КI' <> 'k’'
'кIв' <> 'k’ʷ'
'КIв' <> 'k’ʷ'
'КIВ' <> 'k’ʷ'
'кIкI' <> 'k’ː'
'КIкI' <> 'k’ː'
'кIкIв' <> 'k’ːʷ'
'КIкIв' <> 'k’ːʷ'
'КIКIВ' <> 'k’ːʷ'
'л.ъ' <> 'lʔ'
'Л.ъ' <> 'lʔ'
'Л.Ъ' <> 'lʔ'
'л' <> 'l'
'л1' <> 'tɬ'
'Л1' <> 'tɬ'
'л1в' <> 'tɬʷ'
'Л1в' <> 'tɬʷ'
'Л1В' <> 'tɬʷ'
'л1л1' <> 'tɬː'
'Л1л1' <> 'tɬː'
'л1л1в' <> 'tɬːʷ'
'Л1л1в' <> 'tɬːʷ'
'Л1Л1В' <> 'tɬːʷ'
'лв' <> 'lʷ'
'лъ' <> 'ɬ'
'Лъ' <> 'ɬ'
'ЛЪ' <> 'ɬ'
'лълъ' <> 'ɬː'
'Лълъ' <> 'ɬː'
'ЛЪЛЪ' <> 'ɬː'
'лълъв' <> 'ɬːʷ'
'Лълъв' <> 'ɬːʷ'
'ЛЪЛЪВ' <> 'ɬːʷ'
'лӀ' <> 'tɬ'
'ЛӀ' <> 'tɬ'
'лӏ' <> 'tɬ'
'Лӏ' <> 'tɬ'
'лӀв' <> 'tɬʷ'
'ЛӀв' <> 'tɬʷ'
'ЛӀВ' <> 'tɬʷ'
'лӏв' <> 'tɬʷ'
'Лӏв' <> 'tɬʷ'
'ЛӏВ' <> 'tɬʷ'
'лӀлӀ' <> 'tɬː'
'ЛӀлӀ' <> 'tɬː'
'лӏлӏ' <> 'tɬː'
'Лӏлӏ' <> 'tɬː'
'лӀлӀв' <> 'tɬːʷ'
'ЛӀлӀв' <> 'tɬːʷ'
'ЛӀЛӀВ' <> 'tɬːʷ'
'лӏлӏв' <> 'tɬːʷ'
'Лӏлӏв' <> 'tɬːʷ'
'ЛӏЛӏВ' <> 'tɬːʷ'
'лI' <> 'tɬ'
'ЛI' <> 'tɬ'
'лIв' <> 'tɬʷ'
'ЛIв' <> 'tɬʷ'
'ЛIВ' <> 'tɬʷ'
'ЛIлI' <> 'tɬ'
'лIлI' <> 'tɬː'
'ЛIлI' <> 'tɬː'
'лIлIв' <> 'tɬːʷ'
'ЛIлIв' <> 'tɬːʷ'
'ЛIЛIВ' <> 'tɬːʷ'
'ЛIлIв' <> 'tɬʷ'
'ЛIЛIВ' <> 'tɬʷ'
'м' <> 'm'
'М' <> 'm'
'мв' <> 'mʷ'
'Мв' <> 'mʷ'
'МВ' <> 'mʷ'
'н' <> 'n'
'Н' <> 'n'
'нв' <> 'nʷ'
'Нв' <> 'nʷ'
'НВ' <> 'nʷ'
'о' <> 'o'
'О' <> 'o'
'о̃' <> 'õ'
'О̃' <> 'õ'
'о2' <> 'õ'
'О2' <> 'õ'
'п' <> 'p'
'П' <> 'p'
'п1' <> 'p’'
'П1' <> 'p’'
'п1в' <> 'p’ʷ'
'П1в' <> 'p’ʷ'
'П1В' <> 'p’ʷ'
'п1п1' <> 'p’ː'
'П1п1' <> 'p’ː'
'П1П1' <> 'p’ː'
'п1п1в' <> 'p’ːʷ'
'П1п1в' <> 'p’ːʷ'
'П1П1В' <> 'p’ːʷ'
'пв' <> 'pʷ'
'Пв' <> 'pʷ'
'ПВ' <> 'pʷ'
'пп' <> 'pː'
'Пп' <> 'pː'
'ПП' <> 'pː'
'ппв' <> 'pːʷ'
'Ппв' <> 'pːʷ'
'ППВ' <> 'pːʷ'
'пӀ' <> 'p’'
'ПӀ' <> 'p’'
'пӏ' <> 'p’'
'Пӏ' <> 'p’'
'пӀв' <> 'p’ʷ'
'ПӀв' <> 'p’ʷ'
'ПӀВ' <> 'p’ʷ'
'пӏв' <> 'p’ʷ'
'Пӏв' <> 'p’ʷ'
'ПӏВ' <> 'p’ʷ'
'пӀпӀ' <> 'p’ː'
'ПӀпӀ' <> 'p’ː'
'ПӀПӀ' <> 'p’ː'
'пӏпӏ' <> 'p’ː'
'Пӏпӏ' <> 'p’ː'
'ПӏПӏ' <> 'p’ː'
'пӀпӀв' <> 'p’ːʷ'
'ПӀпӀв' <> 'p’ːʷ'
'ПӀПӀВ' <> 'p’ːʷ'
'пӏпӏв' <> 'p’ːʷ'
'Пӏпӏв' <> 'p’ːʷ'
'ПӏПӏВ' <> 'p’ːʷ'
'пI' <> 'p’'
'ПI' <> 'p’'
'пIв' <> 'p’ʷ'
'ПIв' <> 'p’ʷ'
'ПIВ' <> 'p’ʷ'
'пIпI' <> 'p’ː'
'ПIПI' <> 'p’ː'
'пIпIв' <> 'p’ːʷ'
'ПIПIВ' <> 'p’ːʷ'
'ПIпIв' <> 'p’ːʷ'
'р' <> 'r'
'Р' <> 'r'
'рв' <> 'rʷ'
'Рв' <> 'rʷ'
'с' <> 's'
'С' <> 's'
'св' <> 'sʷ'
'Св' <> 'sʷ'
'сс' <> 'sː'
'Сс' <> 'sː'
'СС' <> 'sː'
'ссв' <> 'sːʷ'
'Ссв' <> 'sːʷ'
'ССВ' <> 'sːʷ'
'т' <> 't'
'Т' <> 't'
'т1' <> 't’'
'Т1' <> 't’'
'т1в' <> 't’ʷ'
'Т1в' <> 't’ʷ'
'Т1В' <> 't’ʷ'
'т1т1' <> 't’ː'
'Т1Т1' <> 't’ː'
'т1т1в' <> 't’ːʷ'
'Т1т1в' <> 't’ːʷ'
'Т1Т1В' <> 't’ːʷ'
'тв' <> 'tʷ'
'Тв' <> 'tʷ'
'ТВ' <> 'tʷ'
'тт' <> 'tː'
'Тт' <> 'tː'
'ТТ' <> 'tː'
'ттв' <> 'tːʷ'
'Ттв' <> 'tːʷ'
'ТТВ' <> 'tːʷ'
'тӀ' <> 't’'
'ТӀ' <> 't’'
'тӏ' <> 't’'
'Тӏ' <> 't’'
'тӀв' <> 't’ʷ'
'ТӀв' <> 't’ʷ'
'ТӀВ' <> 't’ʷ'
'тӏв' <> 't’ʷ'
'Тӏв' <> 't’ʷ'
'ТӏВ' <> 't’ʷ'
'тӀтӀ' <> 't’ː'
'ТӀТӀ' <> 't’ː'
'тӏтӏ' <> 't’ː'
'ТӏТӏ' <> 't’ː'
'тӀтӀв' <> 't’ːʷ'
'ТӀТӀВ' <> 't’ːʷ'
'тӏтӏв' <> 't’ːʷ'
'Тӏтӏв' <> 't’ːʷ'
'ТӏТӏВ' <> 't’ːʷ'
'тI' <> 't’'
'ТI' <> 't’'
'тIв' <> 't’ʷ'
'ТIв' <> 't’ʷ'
'ТIВ' <> 't’ʷ'
'тIтI' <> 't’ː'
'ТIТI' <> 't’ː'
'тIтIв' <> 't’ːʷ'
'ТIТIВ' <> 't’ːʷ'
'у' <> 'u'
'У' <> 'u'
'у̃' <> 'ũ'
'У̃' <> 'ũ'
'у2' <> 'ũ'
'У2' <> 'ũ'
'ф' <> 'f'
'Ф' <> 'f'
'х' <> 'χ'
'Х' <> 'χ'
'х1' <> 'ħ'
'Х1' <> 'ħ'
'х1в' <> 'ħʷ'
'Х1в' <> 'ħʷ'
'Х1В' <> 'ħʷ'
'хв' <> 'χʷ'
'Хв' <> 'χʷ'
'ХВ' <> 'χʷ'
'хх' <> 'χː'
'Хх' <> 'χː'
'ХХ' <> 'χː'
'ххв' <> 'χːʷ'
'Ххв' <> 'χːʷ'
'ХХВ' <> 'χːʷ'
'хъ' <> 'qχ'
'Хъ' <> 'qχ'
'ХЪ' <> 'qχ'
'хъв' <> 'qχʷ'
'Хъв' <> 'qχʷ'
'ХЪВ' <> 'qχʷ'
'хь' <> 'x'
'Хь' <> 'x'
'ХЬ' <> 'x'
'хьв' <> 'xʷ'
'Хьв' <> 'xʷ'
'ХЬВ' <> 'xʷ'
'хьхь' <> 'xː'
'Хьхь' <> 'xː'
'ХЬХЬ' <> 'xː'
'хьхьв' <> 'xːʷ'
'Хьхьв' <> 'xːʷ'
'ХЬХЬВ' <> 'xːʷ'
'хӀ' <> 'ħ'
'ХӀ' <> 'ħ'
'хӏ' <> 'ħ'
'Хӏ' <> 'ħ'
'хӀв' <> 'ħʷ'
'ХӀв' <> 'ħʷ'
'ХӀВ' <> 'ħʷ'
'хӏв' <> 'ħʷ'
'Хӏв' <> 'ħʷ'
'ХӏВ' <> 'ħʷ'
'хI' <> 'ħ'
'ХI' <> 'ħ'
'хIв' <> 'ħʷ'
'ХIв' <> 'ħʷ'
'ХIВ' <> 'ħʷ'
'ц' <> 'ts'
'Ц' <> 'ts'
'ц1' <> 'ts’'
'Ц1' <> 'ts’'
'ц1в' <> 'ts’ʷ'
'Ц1в' <> 'ts’ʷ'
'Ц1В' <> 'ts’ʷ'
'ц1ц1' <> 'ts’ː'
'Ц1ц1' <> 'ts’ː'
'ц1ц1в' <> 'ts’ːʷ'
'Ц1ц1в' <> 'ts’ːʷ'
'Ц1Ц1В' <> 'ts’ːʷ'
'цв' <> 'tsʷ'
'Цв' <> 'tsʷ'
'ЦВ' <> 'tsʷ'
'цц' <> 'tsː'
'Цц' <> 'tsː'
'ЦЦ' <> 'tsː'
'ццв' <> 'tsːʷ'
'Ццв' <> 'tsːʷ'
'ЦЦВ' <> 'tsːʷ'
'цӀ' <> 'ts’'
'ЦӀ' <> 'ts’'
'цӏ' <> 'ts’'
'Цӏ' <> 'ts’'
'цӀв' <> 'ts’ʷ'
'ЦӀв' <> 'ts’ʷ'
'ЦӀВ' <> 'ts’ʷ'
'цӏв' <> 'ts’ʷ'
'Цӏв' <> 'ts’ʷ'
'ЦӏВ' <> 'ts’ʷ'
'цӀцӀ' <> 'ts’ː'
'ЦӀцӀ' <> 'ts’ː'
'цӏцӏ' <> 'ts’ː'
'Цӏцӏ' <> 'ts’ː'
'цӀцӀв' <> 'ts’ːʷ'
'ЦӀцӀв' <> 'ts’ːʷ'
'ЦӀЦӀВ' <> 'ts’ːʷ'
'цӏцӏв' <> 'ts’ːʷ'
'Цӏцӏв' <> 'ts’ːʷ'
'ЦӏЦӏВ' <> 'ts’ːʷ'
'цI' <> 'ts’'
'ЦI' <> 'ts’'
'цIв' <> 'ts’ʷ'
'ЦIв' <> 'ts’ʷ'
'ЦIВ' <> 'ts’ʷ'
'цIцI' <> 'ts’ː'
'ЦIцI' <> 'ts’ː'
'ЦIЦI' <> 'ts’ː'
'цIцIв' <> 'ts’ːʷ'
'ЦIцIв' <> 'ts’ːʷ'
'ЦIЦIВ' <> 'ts’ːʷ'
'ч' <> 'tʃ'
'Ч' <> 'tʃ'
'ч1' <> 'tʃ’'
'Ч1' <> 'tʃ’'
'ч1в' <> 'tʃ’ʷ'
'Ч1в' <> 'tʃ’ʷ'
'Ч1В' <> 'tʃ’ʷ'
'ч1ч1' <> 'tʃ’ː'
'Ч1ч1' <> 'tʃ’ː'
'Ч1Ч1' <> 'tʃ’ː'
'ч1ч1в' <> 'tʃ’ːʷ'
'Ч1ч1в' <> 'tʃ’ːʷ'
'Ч1Ч1В' <> 'tʃ’ːʷ'
'чв' <> 'tʃʷ'
'Чв' <> 'tʃʷ'
'ЧВ' <> 'tʃʷ'
'чч' <> 'tʃː'
'Чч' <> 'tʃː'
'ЧЧ' <> 'tʃː'
'ччв' <> 'tʃːʷ'
'Ччв' <> 'tʃːʷ'
'ЧЧВ' <> 'tʃːʷ'
'чӀ' <> 'tʃ’'
'ЧӀ' <> 'tʃ’'
'чӏ' <> 'tʃ’'
'Чӏ' <> 'tʃ’'
'чӀв' <> 'tʃ’ʷ'
'ЧӀв' <> 'tʃ’ʷ'
'ЧӀВ' <> 'tʃ’ʷ'
'чӏв' <> 'tʃ’ʷ'
'Чӏв' <> 'tʃ’ʷ'
'ЧӏВ' <> 'tʃ’ʷ'
'чӀчӀ' <> 'tʃ’ː'
'ЧӀчӀ' <> 'tʃ’ː'
'ЧӀЧӀ' <> 'tʃ’ː'
'чӏчӏ' <> 'tʃ’ː'
'Чӏчӏ' <> 'tʃ’ː'
'ЧӏЧӏ' <> 'tʃ’ː'
'чӀчӀв' <> 'tʃ’ːʷ'
'ЧӀчӀв' <> 'tʃ’ːʷ'
'ЧӀЧӀВ' <> 'tʃ’ːʷ'
'чӏчӏв' <> 'tʃ’ːʷ'
'Чӏчӏв' <> 'tʃ’ːʷ'
'ЧӏЧӏВ' <> 'tʃ’ːʷ'
'чI' <> 'tʃ’'
'ЧI' <> 'tʃ’'
'чIв' <> 'tʃ’ʷ'
'ЧIв' <> 'tʃ’ʷ'
'ЧIВ' <> 'tʃ’ʷ'
'чIчI' <> 'tʃ’ː'
'ЧIЧI' <> 'tʃ’ː'
'ЧIчI' <> 'tʃ’ː'
'чIчIв' <> 'tʃ’ːʷ'
'ЧIЧIВ' <> 'tʃ’ːʷ'
'ЧIчIв' <> 'tʃ’ːʷ'
'ш' <> 'ʃ'
'Ш' <> 'ʃ'
'шв' <> 'ʃʷ'
'Шв' <> 'ʃʷ'
'ШВ' <> 'ʃʷ'
'шш' <> 'ʃː'
'Шш' <> 'ʃː'
'ШШ' <> 'ʃː'
'шшв' <> 'ʃːʷ'
'Шшв' <> 'ʃːʷ'
'ШШВ' <> 'ʃːʷ'
'щ' <> 'ʃː'
'Щ' <> 'ʃː'
'щв' <> 'ʃːʷ'
'Щв' <> 'ʃːʷ'
'ЩВ' <> 'ʃːʷ'
'ъ' <> 'ʔ'
'Ъ' <> 'ʔ'
'ъв' <> 'ʔʷ'
'Ъв' <> 'ʔʷ'
'ЪВ' <> 'ʔʷ'
'э' <> 'e'
'Э' <> 'e'
'э̃' <> 'ẽ'
'Э̃' <> 'ẽ'
'э2' <> 'ẽ'
'Э2' <> 'ẽ'
'ю' <> 'ju'
'Ю' <> 'ju'
'ю̃' <> 'jũ'
'Ю̃' <> 'jũ'
'ю2' <> 'jũ'
'Ю2' <> 'jũ'
'я' <> 'ja'
'я̃' <> 'jã'
'Я̃' <> 'jã'
'я2' <> 'jã'
'Я2' <> 'jã'
'a2' <> 'ã'
'.' <> '.'
',' <> ','
'[' <> '['
']' <> ']'
'(' <> '('
')' <> ')'
'{' <> '{'
'}' <> '}'
'<' <> '<'
'>' <> '>'
':' <> ':'
'-' <> '-'
'–' <> '–'
'—' <> '—'
'―' <> '―'
'…' <> '…'
'!' <> '!'
'‐' <> '‐'
'-' <> '-'
'?' <> '?'
';' <> ';'
' ' <> ' '
'·' <> '·'
'"' <> '"'
U+000A <> U+000A
U+000D <> U+000D
U+0085 <> U+0085
U+2028 <> U+2028
U+2029 <> U+2029
