; This file was created by George Moroz using TECkitMappingEditorU.exe v3.1.0.0 on 11.06.2013.
;   Conversion Type = Legacy_to_from_Unicode
;   Left-hand side font = Arial;12
;   Right-hand side font = Charis SIL Compact;12
;   Main Window Position = 665,12,675,754
;   Left-hand side Character Map Window Position = 658,0,457,446
;   Right-hand side Character Map Window Position = 712,186,580,38
; Эта карта сделана для бжедугского диалекта кабардинского языка. Преруптивные согласные обозначеныы обычными знаками, а придыхательные - двоетточием.

EncodingName            "andi"
DescriptiveName         "andi_IPA"
Version                 "2"
Contact                 "agricolamz@gmail.com"

pass(Unicode)


'’' <> '’'
'а' <> 'a'
'а̃' <> 'ã'
'a2' <> 'ã'
'А' <> 'a'
'А̃' <> 'ã'
'А2' <> 'ã'
'б' <> 'b'
'Б' <> 'b'
'в' <> 'w'
'В' <> 'w'
'г' <> 'ɡ'
'Г' <> 'ɡ'
'гъ' <> 'ʁ'
'Гъ' <> 'ʁ'
'ГЪ' <> 'ʁ'
'гь' <> 'h'
'Гь' <> 'h'
'ГЬ' <> 'h'
'д' <> 'd'
'Д' <> 'd'
'дж' <> 'dʒ'
'Дж' <> 'dʒ'
'ДЖ' <> 'dʒ'
'е' <> 'je'
'Е' <> 'je'
'е̃' <> 'jẽ'
'Е̃' <> 'jẽ'
'е2' <> 'jẽ'
'Е2' <> 'jẽ'
'ё' <> 'jo'
'Ё' <> 'jo'
'ё̃' <> 'jõ'
'Ё̃' <> 'jõ'
'ё2' <> 'jõ'
'Ё2' <> 'jõ'
'ж' <> 'ʒ'
'Ж' <> 'ʒ'
'з' <> 'z'
'З' <> 'z'
'и' <> 'i'
'И' <> 'i'
'и̃' <> 'ĩ'
'И̃' <> 'ĩ'
'и2' <> 'ĩ'
'И2' <> 'ĩ'
'к' <> 'k'
'К' <> 'k'
'кк' <> 'kː'
'Кк' <> 'kː'
'КК' <> 'kː'
'к1' <> 'k’'
'кI' <> 'k’'
'кI' <> 'k’'
'к1к1' <> 'k’ː'
'кIкI' <> 'k’ː'
'кIкI' <> 'k’ː'
'К1' <> 'k’'
'КI' <> 'k’'
'КI' <> 'k’'
'К1к1' <> 'k’ː'
'КIкI' <> 'k’ː'
'КIкI' <> 'k’ː'
'къ' <> 'q’'
'Къ' <> 'q’'
'КЪ' <> 'q’'
'кгъ' <> 'ɢ'
'Кгъ' <> 'ɢ'
'КГЪ' <> 'ɢ'
'кь' <> 'tɬ’'
'Кь' <> 'tɬ’'
'КЬ' <> 'tɬ’'
'кькь' <> 'tɬ’ː'
'Кькь' <> 'tɬ’ː'
'КЬКЬ' <> 'tɬ’ː'
'л1' <> 'tɬ'
'лI' <> 'tɬ'
'лI' <> 'tɬ'
'Л1' <> 'tɬ'
'ЛI' <> 'tɬ'
'ЛI' <> 'tɬ'
'л1л1' <> 'tɬː'
'лIлI' <> 'tɬː'
'лIлI' <> 'tɬː'
'Л1л1' <> 'tɬː'
'ЛIлI' <> 'tɬː'
'ЛIлI' <> 'tɬ'
'л' <> 'l'
'лълъ' <> 'ɬː'
'Лълъ' <> 'ɬː'
'ЛЪЛЪ' <> 'ɬː'
'м' <> 'm'
'М' <> 'm'
'н' <> 'n'
'Н' <> 'n'
'о' <> 'o'
'О' <> 'o'
'о̃' <> 'õ'
'О̃' <> 'õ'
'о2' <> 'õ'
'О2' <> 'õ'
'п' <> 'p'
'П' <> 'p'
'пп' <> 'pː'
'Пп' <> 'pː'
'ПП' <> 'pː'
'п1' <> 'p’'
'пI' <> 'p’'
'пI' <> 'p’'
'П1' <> 'p’'
'ПI' <> 'p’'
'ПI' <> 'p’'
'п1п1' <> 'p’ː'
'пIпI' <> 'p’ː'
'пIпI' <> 'p’ː'
'П1п1' <> 'p’ː'
'ПIПI' <> 'p’ː'
'ПIПI' <> 'p’ː'
'р' <> 'r'
'Р' <> 'r'
'с' <> 's'
'С' <> 's'
'сс' <> 'sː'
'Сс' <> 'sː'
'СС' <> 'sː'
'т' <> 't'
'Т' <> 't'
'т1' <> 't’'
'тI' <> 't’'
'тI' <> 't’'
'Т1' <> 't’'
'ТI' <> 't’'
'ТI' <> 't’'
'тт' <> 'tː'
'Тт' <> 'tː'
'ТТ' <> 'tː'
'т1т1' <> 't’ː'
'тIтI' <> 't’ː'
'тIтI' <> 't’ː'
'Т1Т1' <> 't’ː'
'ТIТI' <> 't’ː'
'ТIТI' <> 't’ː'
'у' <> 'u'
'У' <> 'u'
'у̃' <> 'ũ'
'У̃' <> 'ũ'
'у2' <> 'ũ'
'У2' <> 'ũ'
'х' <> 'χ'
'Х' <> 'χ'
'хх' <> 'χː'
'Хх' <> 'χː'
'ХХ' <> 'χː'
'хъ' <> 'qː'
'Хъ' <> 'qː'
'ХЪ' <> 'qː'
'хь' <> 'x'
'Хь' <> 'x'
'ХЬ' <> 'x'
'хьхь' <> 'xː'
'Хьхь' <> 'xː'
'ХЬХЬ' <> 'xː'
'ц' <> 'ts'
'Ц' <> 'ts'
'ц1' <> 'ts’'
'цI' <> 'ts’'
'цI' <> 'ts’'
'Ц1' <> 'ts’'
'ЦI' <> 'ts’'
'ЦI' <> 'ts’'
'цц' <> 'tsː'
'Цц' <> 'tsː'
'ЦЦ' <> 'tsː'
'ц1ц1' <> 'ts’ː'
'цIцI' <> 'ts’ː'
'цIцI' <> 'ts’ː'
'Ц1ц1' <> 'ts’ː'
'ЦIцI' <> 'ts’ː'
'ЦIцI' <> 'ts’ː'
'ЦIЦI' <> 'ts’ː'
'ЦIЦI' <> 'ts’ː'
'ч' <> 'tʃ'
'Ч' <> 'tʃ'
'ч1' <> 'tʃ’'
'чI' <> 'tʃ’'
'чI' <> 'tʃ’'
'Ч1' <> 'tʃ’'
'ЧI' <> 'tʃ’'
'ЧI' <> 'tʃ’'
'чч' <> 'tʃː'
'Чч' <> 'tʃː'
'ЧЧ' <> 'tʃː'
'ч1ч1' <> 'tʃ’ː'
'чIчI' <> 'tʃ’ː'
'чIчI' <> 'tʃ’ː'
'Ч1ч1' <> 'tʃ’ː'
'Ч1Ч1' <> 'tʃ’ː'
'ЧIЧI' <> 'tʃ’ː'
'ЧIчI' <> 'tʃ’ː'
'ЧIчI' <> 'tʃ’ː'
'ЧIЧI' <> 'tʃ’ː'
'ш' <> 'ʃ'
'шш' <> 'ʃː'
'щ' <> 'ʃː'
'Ш' <> 'ʃ'
'Шш' <> 'ʃː'
'ШШ' <> 'ʃː'
'Щ' <> 'ʃː'
'ъ' <> 'ʔ'
'Ъ' <> 'ʔ'
'э' <> 'e'
'Э' <> 'e'
'э̃' <> 'ẽ'
'Э̃' <> 'ẽ'
'э2' <> 'ẽ'
'Э2' <> 'ẽ'
'ю' <> 'ju'
'Ю' <> 'ju'
'ю̃' <> 'jũ'
'Ю̃' <> 'jũ'
'ю2' <> 'jũ'
'Ю2' <> 'jũ'
'я' <> 'ja'
'я' <> 'ja'
'я̃' <> 'jã'
'Я̃' <> 'jã'
'я2' <> 'jã'
'Я2' <> 'jã'
'х1' <> 'ħ'
'хI' <> 'ħ'
'хI' <> 'ħ'
'Х1' <> 'ħ'
'ХI' <> 'ħ'
'ХI' <> 'ħ'

'бе' <> 'be'
'Бе' <> 'be'
'БЕ' <> 'be'
'ве' <> 'we'
'Ве' <> 'we'
'ВЕ' <> 'we'
'ге' <> 'ɡe'
'Ге' <> 'ɡe'
'ГЕ' <> 'ɡe'
'гъ' <> 'ʁe'
'гъе' <> 'ʁe'
'Гъе' <> 'ʁe'
'ГЪЕ' <> 'ʁe'
'гье' <> 'he'
'Гье' <> 'he'
'ГЬЕ' <> 'he'
'де' <> 'de'
'Де' <> 'de'
'ДЕ' <> 'de'
'дже' <> 'dʒe'
'Дже' <> 'dʒe'
'ДЖЕ' <> 'dʒe'
'же' <> 'ʒe'
'Же' <> 'ʒe'
'ЖЕ' <> 'ʒe'
'зе' <> 'ze'
'Зе' <> 'ze'
'ЗЕ' <> 'ze'
'ке' <> 'ke'
'Ке' <> 'ke'
'КЕ' <> 'ke'
'кке' <> 'kːe'
'Кке' <> 'kːe'
'ККЕ' <> 'kːe'
'к1е' <> 'k’e'
'кIе' <> 'k’e'
'кIе' <> 'k’e'
'к1к1е' <> 'k’ːe'
'кIкIе' <> 'k’ːe'
'кIкIе' <> 'k’ːe'
'К1е' <> 'k’e'
'КIе' <> 'k’e'
'КIе' <> 'k’e'
'К1Е' <> 'k’e'
'КIЕ' <> 'k’e'
'КIЕ' <> 'k’e'
'К1к1е' <> 'k’ːe'
'КIкIе' <> 'k’ːe'
'КIкIе' <> 'k’ːe'
'къе' <> 'q’e'
'Къе' <> 'q’e'
'КЪЕ' <> 'q’e'
'кгъе' <> 'ɢe'
'Кгъе' <> 'ɢe'
'КГЪЕ' <> 'ɢe'
'кье' <> 'tɬ’e'
'Кье' <> 'tɬ’e'
'КЬЕ' <> 'tɬ’e'
'кькье' <> 'tɬ’ːe'
'Кькье' <> 'tɬ’ːe'
'КЬКЬЕ' <> 'tɬ’ːe'
'л1е' <> 'tɬe'
'лIе' <> 'tɬe'
'лIе' <> 'tɬe'
'Л1е' <> 'tɬe'
'ЛIе' <> 'tɬe'
'ЛIе' <> 'tɬe'
'Л1Е' <> 'tɬe'
'ЛIЕ' <> 'tɬe'
'ЛIЕ' <> 'tɬe'
'л1л1е' <> 'tɬːe'
'лIлIе' <> 'tɬːe'
'лIлIе' <> 'tɬːe'
'Л1л1е' <> 'tɬːe'
'ЛIлIе' <> 'tɬːe'
'ЛIлIе' <> 'tɬe'
'Л1Л1Е' <> 'tɬːe'
'ЛIЛIЕ' <> 'tɬːe'
'ЛIЛIЕ' <> 'tɬe'
'ле' <> 'le'
'ле' <> 'le'
'лълъе' <> 'ɬːe'
'Лълъе' <> 'ɬːe'
'ЛЪЛЪЕ' <> 'ɬːe'
'ме' <> 'me'
'Ме' <> 'me'
'МЕ' <> 'me'
'не' <> 'ne'
'Не' <> 'ne'
'НЕ' <> 'ne'
'пе' <> 'pe'
'Пе' <> 'pe'
'ПЕ' <> 'pe'
'ппе' <> 'pːe'
'Ппе' <> 'pːe'
'ППЕ' <> 'pːe'
'п1е' <> 'p’e'
'пIе' <> 'p’e'
'пIе' <> 'p’e'
'П1е' <> 'p’e'
'ПIе' <> 'p’e'
'ПIе' <> 'p’e'
'П1Е' <> 'p’e'
'ПIЕ' <> 'p’e'
'ПIЕ' <> 'p’e'
'п1п1е' <> 'p’ːe'
'пIпIе' <> 'p’ːe'
'пIпIе' <> 'p’ːe'
'П1п1е' <> 'p’ːe'
'ПIПIЕ' <> 'p’ːe'
'ПIПIЕ' <> 'p’ːe'
'ре' <> 're'
'Ре' <> 're'
'РЕ' <> 're'
'се' <> 'se'
'Се' <> 'se'
'СЕ' <> 'se'
'ссе' <> 'sːe'
'Ссе' <> 'sːe'
'ССЕ' <> 'sːe'
'те' <> 'te'
'Те' <> 'te'
'ТЕ' <> 'te'
'т1е' <> 't’e'
'тIе' <> 't’e'
'тIе' <> 't’e'
'Т1е' <> 't’e'
'ТIе' <> 't’e'
'ТIе' <> 't’e'
'Т1Е' <> 't’e'
'ТIЕ' <> 't’e'
'ТIЕ' <> 't’e'
'тте' <> 'tːe'
'Тте' <> 'tːe'
'ТТЕ' <> 'tːe'
'т1т1е' <> 't’ːe'
'тIтIе' <> 't’ːe'
'тIтIе' <> 't’ːe'
'Т1Т1Е' <> 't’ːe'
'ТIТIЕ' <> 't’ːe'
'ТIТIЕ' <> 't’ːe'
'хе' <> 'χe'
'Хе' <> 'χe'
'ХЕ' <> 'χe'
'ххе' <> 'χːe'
'Ххе' <> 'χːe'
'ХХЕ' <> 'χːe'
'хъе' <> 'qːe'
'Хъе' <> 'qːe'
'ХЪЕ' <> 'qːe'
'хье' <> 'xe'
'Хье' <> 'xe'
'ХЬЕ' <> 'xe'
'хьхье' <> 'xːe'
'Хьхье' <> 'xːe'
'ХЬХЬЕ' <> 'xːe'
'це' <> 'tse'
'Це' <> 'tse'
'ЦЕ' <> 'tse'
'ц1е' <> 'ts’e'
'цIе' <> 'ts’e'
'цIе' <> 'ts’e'
'Ц1е' <> 'ts’e'
'ЦIе' <> 'ts’e'
'ЦIе' <> 'ts’e'
'Ц1Е' <> 'ts’e'
'ЦIЕ' <> 'ts’e'
'ЦIЕ' <> 'ts’e'
'цце' <> 'tsːe'
'Цце' <> 'tsːe'
'ЦЦЕ' <> 'tsːe'
'ц1ц1е' <> 'ts’ːe'
'цIцIе' <> 'ts’ːe'
'цIцIе' <> 'ts’ːe'
'Ц1ц1е' <> 'ts’ːe'
'ЦIцIе' <> 'ts’ːe'
'ЦIцIе' <> 'ts’ːe'
'ЦIЦIЕ' <> 'ts’ːe'
'ЦIЦIЕ' <> 'ts’ːe'
'че' <> 'tʃe'
'Че' <> 'tʃe'
'ЧЕ' <> 'tʃe'
'ч1е' <> 'tʃ’e'
'чIе' <> 'tʃ’e'
'чIе' <> 'tʃ’e'
'Ч1е' <> 'tʃ’e'
'ЧIе' <> 'tʃ’e'
'ЧIе' <> 'tʃ’e'
'Ч1Е' <> 'tʃ’e'
'ЧIЕ' <> 'tʃ’e'
'ЧIЕ' <> 'tʃ’e'
'чче' <> 'tʃːe'
'Чче' <> 'tʃːe'
'ЧЧЕ' <> 'tʃːe'
'ч1ч1е' <> 'tʃ’ːe'
'чIчIе' <> 'tʃ’ːe'
'чIчIе' <> 'tʃ’ːe'
'Ч1ч1е' <> 'tʃ’ːe'
'Ч1Ч1Е' <> 'tʃ’ːe'
'ЧIЧIЕ' <> 'tʃ’ːe'
'ЧIчIе' <> 'tʃ’ːe'
'ЧIчIе' <> 'tʃ’ːe'
'ЧIЧIЕ' <> 'tʃ’ːe'
'ше' <> 'ʃe'
'шше' <> 'ʃːe'
'ще' <> 'ʃːe'
'ШЕ' <> 'ʃe'
'Шше' <> 'ʃːe'
'ШШЕ' <> 'ʃːe'
'Ще' <> 'ʃːe'
'ЩЕ' <> 'ʃːe'
'ъе' <> 'ʔe'
'Ъе' <> 'ʔe'
'ЪЕ' <> 'ʔe'
'х1е' <> 'ħe'
'хIе' <> 'ħe'
'хIе' <> 'ħe'
'Х1е' <> 'ħe'
'ХIе' <> 'ħe'
'ХIе' <> 'ħe'
'Х1Е' <> 'ħe'
'ХIЕ' <> 'ħe'
'ХIЕ' <> 'ħe'
'бв' <> 'bʷ'
'Бв' <> 'bʷ'
'Бв' <> 'bʷ'
'вв' <> 'wʷ'
'Вв' <> 'wʷ'
'Вв' <> 'wʷ'
'гв' <> 'ɡʷ'
'Гв' <> 'ɡʷ'
'Гв' <> 'ɡʷ'
'гъ' <> 'ʁʷ'
'гъв' <> 'ʁʷ'
'Гъв' <> 'ʁʷ'
'ГЪв' <> 'ʁʷ'
'гьв' <> 'hʷ'
'Гьв' <> 'hʷ'
'ГЬв' <> 'hʷ'
'дв' <> 'dʷ'
'Дв' <> 'dʷ'
'Дв' <> 'dʷ'
'джв' <> 'dʒʷ'
'Джв' <> 'dʒʷ'
'ДЖв' <> 'dʒʷ'
'жв' <> 'ʒʷ'
'Жв' <> 'ʒʷ'
'Жв' <> 'ʒʷ'
'зв' <> 'zʷ'
'Зв' <> 'zʷ'
'Зв' <> 'zʷ'
'кв' <> 'kʷ'
'Кв' <> 'kʷ'
'Кв' <> 'kʷ'
'ккв' <> 'kːʷ'
'Ккв' <> 'kːʷ'
'ККв' <> 'kːʷ'
'к1в' <> 'k’ʷ'
'кIв' <> 'k’ʷ'
'кIв' <> 'k’ʷ'
'к1к1в' <> 'k’ːʷ'
'кIкIв' <> 'k’ːʷ'
'кIкIв' <> 'k’ːʷ'
'К1в' <> 'k’ʷ'
'КIв' <> 'k’ʷ'
'КIв' <> 'k’ʷ'
'К1в' <> 'k’ʷ'
'КIв' <> 'k’ʷ'
'КIв' <> 'k’ʷ'
'К1к1в' <> 'k’ːʷ'
'КIкIв' <> 'k’ːʷ'
'КIкIв' <> 'k’ːʷ'
'къв' <> 'q’ʷ'
'Къв' <> 'q’ʷ'
'КЪв' <> 'q’ʷ'
'кгъв' <> 'ɢʷ'
'Кгъв' <> 'ɢʷ'
'КГЪв' <> 'ɢʷ'
'кьв' <> 'tɬ’ʷ'
'Кьв' <> 'tɬ’ʷ'
'КЬв' <> 'tɬ’ʷ'
'кькьв' <> 'tɬ’ːʷ'
'Кькьв' <> 'tɬ’ːʷ'
'КЬКЬв' <> 'tɬ’ːʷ'
'л1в' <> 'tɬʷ'
'лIв' <> 'tɬʷ'
'лIв' <> 'tɬʷ'
'Л1в' <> 'tɬʷ'
'ЛIв' <> 'tɬʷ'
'ЛIв' <> 'tɬʷ'
'Л1в' <> 'tɬʷ'
'ЛIв' <> 'tɬʷ'
'ЛIв' <> 'tɬʷ'
'л1л1в' <> 'tɬːʷ'
'лIлIв' <> 'tɬːʷ'
'лIлIв' <> 'tɬːʷ'
'Л1л1в' <> 'tɬːʷ'
'ЛIлIв' <> 'tɬːʷ'
'ЛIлIв' <> 'tɬʷ'
'Л1Л1в' <> 'tɬːʷ'
'ЛIЛIв' <> 'tɬːʷ'
'ЛIЛIв' <> 'tɬʷ'
'лв' <> 'lʷ'
'лв' <> 'lʷ'
'лълъв' <> 'ɬːʷ'
'Лълъв' <> 'ɬːʷ'
'ЛЪЛЪв' <> 'ɬːʷ'
'мв' <> 'mʷ'
'Мв' <> 'mʷ'
'Мв' <> 'mʷ'
'нв' <> 'nʷ'
'Нв' <> 'nʷ'
'Нв' <> 'nʷ'
'пв' <> 'pʷ'
'Пв' <> 'pʷ'
'Пв' <> 'pʷ'
'ппв' <> 'pːʷ'
'Ппв' <> 'pːʷ'
'ППв' <> 'pːʷ'
'п1в' <> 'p’ʷ'
'пIв' <> 'p’ʷ'
'пIв' <> 'p’ʷ'
'П1в' <> 'p’ʷ'
'ПIв' <> 'p’ʷ'
'ПIв' <> 'p’ʷ'
'П1в' <> 'p’ʷ'
'ПIв' <> 'p’ʷ'
'ПIв' <> 'p’ʷ'
'п1п1в' <> 'p’ːʷ'
'пIпIв' <> 'p’ːʷ'
'пIпIв' <> 'p’ːʷ'
'П1п1в' <> 'p’ːʷ'
'ПIПIв' <> 'p’ːʷ'
'ПIПIв' <> 'p’ːʷ'
'рв' <> 'rʷ'
'Рв' <> 'rʷ'
'Рв' <> 'rʷ'
'св' <> 'sʷ'
'Св' <> 'sʷ'
'Св' <> 'sʷ'
'ссв' <> 'sːʷ'
'Ссв' <> 'sːʷ'
'ССв' <> 'sːʷ'
'тв' <> 'tʷ'
'Тв' <> 'tʷ'
'Тв' <> 'tʷ'
'т1в' <> 't’ʷ'
'тIв' <> 't’ʷ'
'тIв' <> 't’ʷ'
'Т1в' <> 't’ʷ'
'ТIв' <> 't’ʷ'
'ТIв' <> 't’ʷ'
'Т1в' <> 't’ʷ'
'ТIв' <> 't’ʷ'
'ТIв' <> 't’ʷ'
'ттв' <> 'tːʷ'
'Ттв' <> 'tːʷ'
'ТТв' <> 'tːʷ'
'т1т1в' <> 't’ːʷ'
'тIтIв' <> 't’ːʷ'
'тIтIв' <> 't’ːʷ'
'Т1Т1в' <> 't’ːʷ'
'ТIТIв' <> 't’ːʷ'
'ТIТIв' <> 't’ːʷ'
'хв' <> 'χʷ'
'Хв' <> 'χʷ'
'Хв' <> 'χʷ'
'ххв' <> 'χːʷ'
'Ххв' <> 'χːʷ'
'ХХв' <> 'χːʷ'
'хъв' <> 'qːʷ'
'Хъв' <> 'qːʷ'
'ХЪв' <> 'qːʷ'
'хьв' <> 'xʷ'
'Хьв' <> 'xʷ'
'ХЬв' <> 'xʷ'
'хьхьв' <> 'xːʷ'
'Хьхьв' <> 'xːʷ'
'ХЬХЬв' <> 'xːʷ'
'цв' <> 'tsʷ'
'Цв' <> 'tsʷ'
'Цв' <> 'tsʷ'
'ц1в' <> 'ts’ʷ'
'цIв' <> 'ts’ʷ'
'цIв' <> 'ts’ʷ'
'Ц1в' <> 'ts’ʷ'
'ЦIв' <> 'ts’ʷ'
'ЦIв' <> 'ts’ʷ'
'Ц1в' <> 'ts’ʷ'
'ЦIв' <> 'ts’ʷ'
'ЦIв' <> 'ts’ʷ'
'ццв' <> 'tsːʷ'
'Ццв' <> 'tsːʷ'
'ЦЦв' <> 'tsːʷ'
'ц1ц1в' <> 'ts’ːʷ'
'цIцIв' <> 'ts’ːʷ'
'цIцIв' <> 'ts’ːʷ'
'Ц1ц1в' <> 'ts’ːʷ'
'ЦIцIв' <> 'ts’ːʷ'
'ЦIцIв' <> 'ts’ːʷ'
'ЦIЦIв' <> 'ts’ːʷ'
'ЦIЦIв' <> 'ts’ːʷ'
'чв' <> 'tʃʷ'
'Чв' <> 'tʃʷ'
'Чв' <> 'tʃʷ'
'ч1в' <> 'tʃ’ʷ'
'чIв' <> 'tʃ’ʷ'
'чIв' <> 'tʃ’ʷ'
'Ч1в' <> 'tʃ’ʷ'
'ЧIв' <> 'tʃ’ʷ'
'ЧIв' <> 'tʃ’ʷ'
'Ч1в' <> 'tʃ’ʷ'
'ЧIв' <> 'tʃ’ʷ'
'ЧIв' <> 'tʃ’ʷ'
'ччв' <> 'tʃːʷ'
'Ччв' <> 'tʃːʷ'
'ЧЧв' <> 'tʃːʷ'
'ч1ч1в' <> 'tʃ’ːʷ'
'чIчIв' <> 'tʃ’ːʷ'
'чIчIв' <> 'tʃ’ːʷ'
'Ч1ч1в' <> 'tʃ’ːʷ'
'Ч1Ч1в' <> 'tʃ’ːʷ'
'ЧIЧIв' <> 'tʃ’ːʷ'
'ЧIчIв' <> 'tʃ’ːʷ'
'ЧIчIв' <> 'tʃ’ːʷ'
'ЧIЧIв' <> 'tʃ’ːʷ'
'шв' <> 'ʃʷ'
'шшв' <> 'ʃːʷ'
'щв' <> 'ʃːʷ'
'Шв' <> 'ʃʷ'
'Шшв' <> 'ʃːʷ'
'ШШв' <> 'ʃːʷ'
'Щв' <> 'ʃːʷ'
'Щв' <> 'ʃːʷ'
'ъв' <> 'ʔʷ'
'Ъв' <> 'ʔʷ'
'Ъв' <> 'ʔʷ'
'х1в' <> 'ħʷ'
'хIв' <> 'ħʷ'
'хIв' <> 'ħʷ'
'Х1в' <> 'ħʷ'
'ХIв' <> 'ħʷ'
'ХIв' <> 'ħʷ'
'Х1в' <> 'ħʷ'
'ХIв' <> 'ħʷ'
'ХIв' <> 'ħʷ'
