; ThIs fIle was created by George Moroz usIng TECkItMappIngEdItorU.exe v3.1.0.0 on 11.06.2013.
;   ConversIon Type = Legacy_to_from_UnIcode
;   Left-hand sIde font = ArIal;12
;   RIght-hand sIde font = CharIs SIL Compact;12
;   MaIn WIndow PosItIon = 665,12,675,754
;   Left-hand sIde Character Map WIndow PosItIon = 658,0,457,446
;   RIght-hand sIde Character Map WIndow PosItIon = 712,186,580,38
; Эта карта сделана для бжедугского диалекта кабардинского языка. Преруптивные согласные обозначеныы обычными знаками, а придыхательные - двоетточием.

EncodIngName            "andI"
DescrIptIveName         "andI_IPA"
VersIon                 "2"
Contact                 "agrIcolamz@gmaIl.com"

pass(UnIcode)


'’' <> '’'
'а' <> 'a'
'а̃' <> 'ã'
'a2' <> 'ã'
'А' <> 'a'
'А̃' <> 'ã'
'А2' <> 'ã'
'б' <> 'b'
'Б' <> 'b'
'в' <> 'w'
'В' <> 'w'
'г' <> 'ɡ'
'Г' <> 'ɡ'
'гъ' <> 'ʁ'
'Гъ' <> 'ʁ'
'ГЪ' <> 'ʁ'
'гь' <> 'h'
'Гь' <> 'h'
'ГЬ' <> 'h'
'г1' <> 'ʡ'
'гI' <> 'ʡ'
'гI' <> 'ʡ'
'Г1' <> 'ʡ'
'ГI' <> 'ʡ'
'ГI' <> 'ʡ'
'д' <> 'd'
'Д' <> 'd'
'дж' <> 'dʒ'
'Дж' <> 'dʒ'
'ДЖ' <> 'dʒ'
'е' <> 'e'
'Е' <> 'e'
'е̃' <> 'ẽ'
'Е̃' <> 'ẽ'
'е2' <> 'ẽ'
'Е2' <> 'ẽ'
'ё' <> 'jo'
'Ё' <> 'jo'
'ё̃' <> 'jõ'
'Ё̃' <> 'jõ'
'ё2' <> 'jõ'
'Ё2' <> 'jõ'
'ж' <> 'ʒ'
'Ж' <> 'ʒ'
'з' <> 'z'
'З' <> 'z'
'и' <> 'i'
'И' <> 'i'
'и̃' <> 'ĩ'
'И̃' <> 'ĩ'
'и2' <> 'ĩ'
'И2' <> 'ĩ'
'й' <> 'j'
'Й' <> 'j'
'к' <> 'k'
'К' <> 'k'
'кк' <> 'kː'
'Кк' <> 'kː'
'КК' <> 'kː'
'к1' <> 'k’'
'кI' <> 'k’'
'кI' <> 'k’'
'к1к1' <> 'k’ː'
'кIкI' <> 'k’ː'
'кIкI' <> 'k’ː'
'К1' <> 'k’'
'КI' <> 'k’'
'КI' <> 'k’'
'К1к1' <> 'k’ː'
'КIкI' <> 'k’ː'
'КIкI' <> 'k’ː'
'къ' <> 'q’'
'Къ' <> 'q’'
'КЪ' <> 'q’'
'кгъ' <> 'ɢ'
'Кгъ' <> 'ɢ'
'КГЪ' <> 'ɢ'
'кь' <> 'tɬ’'
'Кь' <> 'tɬ’'
'КЬ' <> 'tɬ’'
'кькь' <> 'tɬ’ː'
'Кькь' <> 'tɬ’ː'
'КЬКЬ' <> 'tɬ’ː'
'л1' <> 'tɬ'
'лI' <> 'tɬ'
'лI' <> 'tɬ'
'Л1' <> 'tɬ'
'ЛI' <> 'tɬ'
'ЛI' <> 'tɬ'
'л1л1' <> 'tɬː'
'лIлI' <> 'tɬː'
'лIлI' <> 'tɬː'
'Л1л1' <> 'tɬː'
'ЛIлI' <> 'tɬː'
'ЛIлI' <> 'tɬ'
'л' <> 'l'
'лъ' <> 'ɬ'
'Лъ' <> 'ɬ'
'ЛЪ' <> 'ɬ'
'лълъ' <> 'ɬː'
'Лълъ' <> 'ɬː'
'ЛЪЛЪ' <> 'ɬː'
'м' <> 'm'
'М' <> 'm'
'н' <> 'n'
'Н' <> 'n'
'о' <> 'o'
'О' <> 'o'
'о̃' <> 'õ'
'О̃' <> 'õ'
'о2' <> 'õ'
'О2' <> 'õ'
'п' <> 'p'
'П' <> 'p'
'пп' <> 'pː'
'Пп' <> 'pː'
'ПП' <> 'pː'
'п1' <> 'p’'
'пI' <> 'p’'
'пI' <> 'p’'
'П1' <> 'p’'
'ПI' <> 'p’'
'ПI' <> 'p’'
'п1п1' <> 'p’ː'
'пIпI' <> 'p’ː'
'пIпI' <> 'p’ː'
'П1п1' <> 'p’ː'
'ПIПI' <> 'p’ː'
'ПIПI' <> 'p’ː'
'р' <> 'r'
'Р' <> 'r'
'с' <> 's'
'С' <> 's'
'сс' <> 'sː'
'Сс' <> 'sː'
'СС' <> 'sː'
'т' <> 't'
'Т' <> 't'
'т1' <> 't’'
'тI' <> 't’'
'тI' <> 't’'
'Т1' <> 't’'
'ТI' <> 't’'
'ТI' <> 't’'
'тт' <> 'tː'
'Тт' <> 'tː'
'ТТ' <> 'tː'
'т1т1' <> 't’ː'
'тIтI' <> 't’ː'
'тIтI' <> 't’ː'
'Т1Т1' <> 't’ː'
'ТIТI' <> 't’ː'
'ТIТI' <> 't’ː'
'у' <> 'u'
'У' <> 'u'
'у̃' <> 'ũ'
'У̃' <> 'ũ'
'у2' <> 'ũ'
'У2' <> 'ũ'
'ф' <> 'f'
'Ф' <> 'f'
'х' <> 'χ'
'Х' <> 'χ'
'хх' <> 'χː'
'Хх' <> 'χː'
'ХХ' <> 'χː'
'хъ' <> 'qχ'
'Хъ' <> 'qχ'
'ХЪ' <> 'qχ'
'хь' <> 'x'
'Хь' <> 'x'
'ХЬ' <> 'x'
'хьхь' <> 'xː'
'Хьхь' <> 'xː'
'ХЬХЬ' <> 'xː'
'х1' <> 'ħ'
'хI' <> 'ħ'
'хI' <> 'ħ'
'Х1' <> 'ħ'
'ХI' <> 'ħ'
'ХI' <> 'ħ'
'ц' <> 'ts'
'Ц' <> 'ts'
'ц1' <> 'ts’'
'цI' <> 'ts’'
'цI' <> 'ts’'
'Ц1' <> 'ts’'
'ЦI' <> 'ts’'
'ЦI' <> 'ts’'
'цц' <> 'tsː'
'Цц' <> 'tsː'
'ЦЦ' <> 'tsː'
'ц1ц1' <> 'ts’ː'
'цIцI' <> 'ts’ː'
'цIцI' <> 'ts’ː'
'Ц1ц1' <> 'ts’ː'
'ЦIцI' <> 'ts’ː'
'ЦIцI' <> 'ts’ː'
'ЦIЦI' <> 'ts’ː'
'ЦIЦI' <> 'ts’ː'
'ч' <> 'tʃ'
'Ч' <> 'tʃ'
'ч1' <> 'tʃ’'
'чI' <> 'tʃ’'
'чI' <> 'tʃ’'
'Ч1' <> 'tʃ’'
'ЧI' <> 'tʃ’'
'ЧI' <> 'tʃ’'
'чч' <> 'tʃː'
'Чч' <> 'tʃː'
'ЧЧ' <> 'tʃː'
'ч1ч1' <> 'tʃ’ː'
'чIчI' <> 'tʃ’ː'
'чIчI' <> 'tʃ’ː'
'Ч1ч1' <> 'tʃ’ː'
'Ч1Ч1' <> 'tʃ’ː'
'ЧIЧI' <> 'tʃ’ː'
'ЧIчI' <> 'tʃ’ː'
'ЧIчI' <> 'tʃ’ː'
'ЧIЧI' <> 'tʃ’ː'
'ш' <> 'ʃ'
'шш' <> 'ʃː'
'щ' <> 'ʃː'
'Ш' <> 'ʃ'
'Шш' <> 'ʃː'
'ШШ' <> 'ʃː'
'Щ' <> 'ʃː'
'ъ' <> 'ʔ'
'Ъ' <> 'ʔ'
'э' <> 'e'
'Э' <> 'e'
'э̃' <> 'ẽ'
'Э̃' <> 'ẽ'
'э2' <> 'ẽ'
'Э2' <> 'ẽ'
'ю' <> 'ju'
'Ю' <> 'ju'
'ю̃' <> 'jũ'
'Ю̃' <> 'jũ'
'ю2' <> 'jũ'
'Ю2' <> 'jũ'
'я' <> 'ja'
'я' <> 'ja'
'я̃' <> 'jã'
'Я̃' <> 'jã'
'я2' <> 'jã'
'Я2' <> 'jã'
'гв' <> 'ɡʷ'
'Гв' <> 'ɡʷ'
'ГВ' <> 'ɡʷ'
'гъ' <> 'ʁʷ'
'гъв' <> 'ʁʷ'
'Гъв' <> 'ʁʷ'
'ГЪВ' <> 'ʁʷ'
'гьв' <> 'hʷ'
'Гьв' <> 'hʷ'
'ГЬВ' <> 'hʷ'
'дв' <> 'dʷ'
'Дв' <> 'dʷ'
'ДВ' <> 'dʷ'
'джв' <> 'dʒʷ'
'Джв' <> 'dʒʷ'
'ДЖВ' <> 'dʒʷ'
'жв' <> 'ʒʷ'
'Жв' <> 'ʒʷ'
'ЖВ' <> 'ʒʷ'
'зв' <> 'zʷ'
'Зв' <> 'zʷ'
'ЗВ' <> 'zʷ'
'кв' <> 'kʷ'
'Кв' <> 'kʷ'
'КВ' <> 'kʷ'
'ккв' <> 'kːʷ'
'Ккв' <> 'kːʷ'
'ККВ' <> 'kːʷ'
'к1в' <> 'k’ʷ'
'кIв' <> 'k’ʷ'
'кIв' <> 'k’ʷ'
'к1к1в' <> 'k’ːʷ'
'кIкIв' <> 'k’ːʷ'
'кIкIв' <> 'k’ːʷ'
'К1в' <> 'k’ʷ'
'КIв' <> 'k’ʷ'
'КIв' <> 'k’ʷ'
'К1в' <> 'k’ʷ'
'КIв' <> 'k’ʷ'
'КIв' <> 'k’ʷ'
'К1к1в' <> 'k’ːʷ'
'КIкIв' <> 'k’ːʷ'
'КIкIв' <> 'k’ːʷ'
'къв' <> 'q’ʷ'
'Къв' <> 'q’ʷ'
'КЪв' <> 'q’ʷ'
'кгъв' <> 'ɢʷ'
'Кгъв' <> 'ɢʷ'
'КГЪв' <> 'ɢʷ'
'кьв' <> 'tɬ’ʷ'
'Кьв' <> 'tɬ’ʷ'
'КЬв' <> 'tɬ’ʷ'
'кькьв' <> 'tɬ’ːʷ'
'Кькьв' <> 'tɬ’ːʷ'
'КЬКЬв' <> 'tɬ’ːʷ'
'л1в' <> 'tɬʷ'
'лIв' <> 'tɬʷ'
'лIв' <> 'tɬʷ'
'Л1в' <> 'tɬʷ'
'ЛIв' <> 'tɬʷ'
'ЛIв' <> 'tɬʷ'
'Л1в' <> 'tɬʷ'
'ЛIв' <> 'tɬʷ'
'ЛIв' <> 'tɬʷ'
'л1л1в' <> 'tɬːʷ'
'лIлIв' <> 'tɬːʷ'
'лIлIв' <> 'tɬːʷ'
'Л1л1в' <> 'tɬːʷ'
'ЛIлIв' <> 'tɬːʷ'
'ЛIлIв' <> 'tɬʷ'
'Л1Л1в' <> 'tɬːʷ'
'ЛIЛIв' <> 'tɬːʷ'
'ЛIЛIв' <> 'tɬʷ'
'лв' <> 'lʷ'
'лв' <> 'lʷ'
'лълъв' <> 'ɬːʷ'
'Лълъв' <> 'ɬːʷ'
'ЛЪЛЪв' <> 'ɬːʷ'
'мв' <> 'mʷ'
'Мв' <> 'mʷ'
'Мв' <> 'mʷ'
'нв' <> 'nʷ'
'Нв' <> 'nʷ'
'Нв' <> 'nʷ'
'пв' <> 'pʷ'
'Пв' <> 'pʷ'
'Пв' <> 'pʷ'
'ппв' <> 'pːʷ'
'Ппв' <> 'pːʷ'
'ППв' <> 'pːʷ'
'п1в' <> 'p’ʷ'
'пIв' <> 'p’ʷ'
'пIв' <> 'p’ʷ'
'П1в' <> 'p’ʷ'
'ПIв' <> 'p’ʷ'
'ПIв' <> 'p’ʷ'
'П1в' <> 'p’ʷ'
'ПIв' <> 'p’ʷ'
'ПIв' <> 'p’ʷ'
'п1п1в' <> 'p’ːʷ'
'пIпIв' <> 'p’ːʷ'
'пIпIв' <> 'p’ːʷ'
'П1п1в' <> 'p’ːʷ'
'ПIПIв' <> 'p’ːʷ'
'ПIПIв' <> 'p’ːʷ'
'рв' <> 'rʷ'
'Рв' <> 'rʷ'
'Рв' <> 'rʷ'
'св' <> 'sʷ'
'Св' <> 'sʷ'
'Св' <> 'sʷ'
'ссв' <> 'sːʷ'
'Ссв' <> 'sːʷ'
'ССв' <> 'sːʷ'
'тв' <> 'tʷ'
'Тв' <> 'tʷ'
'Тв' <> 'tʷ'
'т1в' <> 't’ʷ'
'тIв' <> 't’ʷ'
'тIв' <> 't’ʷ'
'Т1в' <> 't’ʷ'
'ТIв' <> 't’ʷ'
'ТIв' <> 't’ʷ'
'Т1в' <> 't’ʷ'
'ТIв' <> 't’ʷ'
'ТIв' <> 't’ʷ'
'ттв' <> 'tːʷ'
'Ттв' <> 'tːʷ'
'ТТв' <> 'tːʷ'
'т1т1в' <> 't’ːʷ'
'тIтIв' <> 't’ːʷ'
'тIтIв' <> 't’ːʷ'
'Т1Т1в' <> 't’ːʷ'
'ТIТIв' <> 't’ːʷ'
'ТIТIв' <> 't’ːʷ'
'хв' <> 'χʷ'
'Хв' <> 'χʷ'
'Хв' <> 'χʷ'
'ххв' <> 'χːʷ'
'Ххв' <> 'χːʷ'
'ХХв' <> 'χːʷ'
'хъв' <> 'qχʷ'
'Хъв' <> 'qχʷ'
'ХЪв' <> 'qχʷ'
'хьв' <> 'xʷ'
'Хьв' <> 'xʷ'
'ХЬв' <> 'xʷ'
'хьхьв' <> 'xːʷ'
'Хьхьв' <> 'xːʷ'
'ХЬХЬв' <> 'xːʷ'
'цв' <> 'tsʷ'
'Цв' <> 'tsʷ'
'Цв' <> 'tsʷ'
'ц1в' <> 'ts’ʷ'
'цIв' <> 'ts’ʷ'
'цIв' <> 'ts’ʷ'
'Ц1в' <> 'ts’ʷ'
'ЦIв' <> 'ts’ʷ'
'ЦIв' <> 'ts’ʷ'
'Ц1в' <> 'ts’ʷ'
'ЦIв' <> 'ts’ʷ'
'ЦIв' <> 'ts’ʷ'
'ццв' <> 'tsːʷ'
'Ццв' <> 'tsːʷ'
'ЦЦв' <> 'tsːʷ'
'ц1ц1в' <> 'ts’ːʷ'
'цIцIв' <> 'ts’ːʷ'
'цIцIв' <> 'ts’ːʷ'
'Ц1ц1в' <> 'ts’ːʷ'
'ЦIцIв' <> 'ts’ːʷ'
'ЦIцIв' <> 'ts’ːʷ'
'ЦIЦIв' <> 'ts’ːʷ'
'ЦIЦIв' <> 'ts’ːʷ'
'чв' <> 'tʃʷ'
'Чв' <> 'tʃʷ'
'Чв' <> 'tʃʷ'
'ч1в' <> 'tʃ’ʷ'
'чIв' <> 'tʃ’ʷ'
'чIв' <> 'tʃ’ʷ'
'Ч1в' <> 'tʃ’ʷ'
'ЧIв' <> 'tʃ’ʷ'
'ЧIв' <> 'tʃ’ʷ'
'Ч1в' <> 'tʃ’ʷ'
'ЧIв' <> 'tʃ’ʷ'
'ЧIв' <> 'tʃ’ʷ'
'ччв' <> 'tʃːʷ'
'Ччв' <> 'tʃːʷ'
'ЧЧв' <> 'tʃːʷ'
'ч1ч1в' <> 'tʃ’ːʷ'
'чIчIв' <> 'tʃ’ːʷ'
'чIчIв' <> 'tʃ’ːʷ'
'Ч1ч1в' <> 'tʃ’ːʷ'
'Ч1Ч1в' <> 'tʃ’ːʷ'
'ЧIЧIв' <> 'tʃ’ːʷ'
'ЧIчIв' <> 'tʃ’ːʷ'
'ЧIчIв' <> 'tʃ’ːʷ'
'ЧIЧIв' <> 'tʃ’ːʷ'
'шв' <> 'ʃʷ'
'шшв' <> 'ʃːʷ'
'щв' <> 'ʃːʷ'
'Шв' <> 'ʃʷ'
'Шшв' <> 'ʃːʷ'
'ШШв' <> 'ʃːʷ'
'Щв' <> 'ʃːʷ'
'Щв' <> 'ʃːʷ'
'ъв' <> 'ʔʷ'
'Ъв' <> 'ʔʷ'
'Ъв' <> 'ʔʷ'
'х1в' <> 'ħʷ'
'хIв' <> 'ħʷ'
'хIв' <> 'ħʷ'
'Х1в' <> 'ħʷ'
'ХIв' <> 'ħʷ'
'ХIв' <> 'ħʷ'
'Х1в' <> 'ħʷ'
'ХIв' <> 'ħʷ'
'ХIв' <> 'ħʷ'
'.' <> '.'
',' <> ','
'[' <> '['
']' <> ']'
'(' <> '('
')' <> ')'
'{' <> '{'
'}' <> '}'
'<' <> '<'
'>' <> '>'
':' <> ':'
'-' <> '-'
'–' <> '–'
'—' <> '—'
'―' <> '―'
'…' <> '…'
'!' <> '!'
'‐' <> '‐'
'-' <> '-'
'?' <> '?'
';' <> ';'
' ' <> ' '
'·' <> '·'
'"' <> '"'
U+000A <> U+000A
U+000D <> U+000D
U+0085 <> U+0085
U+2028 <> U+2028
U+2029 <> U+2029
